Output shape: torch.Size([2, 87])
